2025-02-19 08:46:14,084 - api_server - INFO - [api_server.py:67] - Successfully loaded configuration settings
2025-02-19 08:46:14,084 - api_server - CRITICAL - [api_server.py:178] - Failed to start application: Cannot add middleware after an application has started
Traceback (most recent call last):
  File "/Users/shamalshaikh/VScode/RAG_project/api_server.py", line 162, in startup_event
    app.add_middleware(
  File "/Users/shamalshaikh/anaconda3/lib/python3.11/site-packages/starlette/applications.py", line 130, in add_middleware
    raise RuntimeError("Cannot add middleware after an application has started")
RuntimeError: Cannot add middleware after an application has started
2025-02-19 08:46:51,789 - api_server - INFO - [api_server.py:67] - Successfully loaded configuration settings
2025-02-19 08:46:51,789 - api_server - CRITICAL - [api_server.py:178] - Failed to start application: Cannot add middleware after an application has started
Traceback (most recent call last):
  File "/Users/shamalshaikh/VScode/RAG_project/api_server.py", line 162, in startup_event
    app.add_middleware(
  File "/Users/shamalshaikh/anaconda3/lib/python3.11/site-packages/starlette/applications.py", line 130, in add_middleware
    raise RuntimeError("Cannot add middleware after an application has started")
RuntimeError: Cannot add middleware after an application has started
2025-02-19 15:30:57,576 - api_server - INFO - [api_server.py:67] - Successfully loaded configuration settings
2025-02-19 15:30:57,577 - api_server - CRITICAL - [api_server.py:178] - Failed to start application: Cannot add middleware after an application has started
Traceback (most recent call last):
  File "/Users/shamalshaikh/VScode/RAG_project/api_server.py", line 162, in startup_event
    app.add_middleware(
  File "/Users/shamalshaikh/anaconda3/lib/python3.11/site-packages/starlette/applications.py", line 130, in add_middleware
    raise RuntimeError("Cannot add middleware after an application has started")
RuntimeError: Cannot add middleware after an application has started
2025-02-19 15:36:35,352 - api_server - INFO - [api_server.py:151] - Starting application initialization...
2025-02-19 15:36:35,353 - api_server - INFO - [api_server.py:73] - Initializing storage manager with Pinecone...
2025-02-19 15:36:37,326 - api_server - ERROR - [api_server.py:104] - Failed to initialize unknown: ServerlessSpec.__new__() missing 2 required positional arguments: 'cloud' and 'region'
Traceback (most recent call last):
  File "/Users/shamalshaikh/VScode/RAG_project/api_server.py", line 74, in initialize_components
    storage_manager = create_storage_manager(
                      ^^^^^^^^^^^^^^^^^^^^^^^
  File "/Users/shamalshaikh/VScode/RAG_project/storage_indexing.py", line 365, in create_storage_manager
    return StorageManager(
           ^^^^^^^^^^^^^^^
  File "/Users/shamalshaikh/VScode/RAG_project/storage_indexing.py", line 246, in __init__
    vector_db.initialize(self.model.get_sentence_embedding_dimension())
  File "/Users/shamalshaikh/VScode/RAG_project/storage_indexing.py", line 104, in initialize
    spec=ServerlessSpec()  # Using serverless for better scalability
         ^^^^^^^^^^^^^^^^
TypeError: ServerlessSpec.__new__() missing 2 required positional arguments: 'cloud' and 'region'
2025-02-19 15:36:37,327 - api_server - CRITICAL - [api_server.py:158] - Failed to start application: Failed to initialize unknown: ServerlessSpec.__new__() missing 2 required positional arguments: 'cloud' and 'region'
Traceback (most recent call last):
  File "/Users/shamalshaikh/VScode/RAG_project/api_server.py", line 74, in initialize_components
    storage_manager = create_storage_manager(
                      ^^^^^^^^^^^^^^^^^^^^^^^
  File "/Users/shamalshaikh/VScode/RAG_project/storage_indexing.py", line 365, in create_storage_manager
    return StorageManager(
           ^^^^^^^^^^^^^^^
  File "/Users/shamalshaikh/VScode/RAG_project/storage_indexing.py", line 246, in __init__
    vector_db.initialize(self.model.get_sentence_embedding_dimension())
  File "/Users/shamalshaikh/VScode/RAG_project/storage_indexing.py", line 104, in initialize
    spec=ServerlessSpec()  # Using serverless for better scalability
         ^^^^^^^^^^^^^^^^
TypeError: ServerlessSpec.__new__() missing 2 required positional arguments: 'cloud' and 'region'

During handling of the above exception, another exception occurred:

Traceback (most recent call last):
  File "/Users/shamalshaikh/VScode/RAG_project/api_server.py", line 153, in startup_event
    storage_manager, qa_system, scraper = initialize_components(settings)
                                          ^^^^^^^^^^^^^^^^^^^^^^^^^^^^^^^
  File "/Users/shamalshaikh/VScode/RAG_project/api_server.py", line 105, in initialize_components
    raise RuntimeError(error_msg)
RuntimeError: Failed to initialize unknown: ServerlessSpec.__new__() missing 2 required positional arguments: 'cloud' and 'region'
2025-02-19 15:42:08,123 - api_server - INFO - [api_server.py:151] - Starting application initialization...
2025-02-19 15:42:08,123 - api_server - INFO - [api_server.py:73] - Initializing storage manager with Pinecone...
2025-02-19 15:42:10,063 - api_server - ERROR - [api_server.py:104] - Failed to initialize unknown: ServerlessSpec.__new__() missing 2 required positional arguments: 'cloud' and 'region'
Traceback (most recent call last):
  File "/Users/shamalshaikh/VScode/RAG_project/api_server.py", line 74, in initialize_components
    storage_manager = create_storage_manager(
                      ^^^^^^^^^^^^^^^^^^^^^^^
  File "/Users/shamalshaikh/VScode/RAG_project/storage_indexing.py", line 365, in create_storage_manager
    return StorageManager(
           ^^^^^^^^^^^^^^^
  File "/Users/shamalshaikh/VScode/RAG_project/storage_indexing.py", line 246, in __init__
    vector_db.initialize(self.model.get_sentence_embedding_dimension())
  File "/Users/shamalshaikh/VScode/RAG_project/storage_indexing.py", line 104, in initialize
    spec=ServerlessSpec()  # Using serverless for better scalability
         ^^^^^^^^^^^^^^^^
TypeError: ServerlessSpec.__new__() missing 2 required positional arguments: 'cloud' and 'region'
2025-02-19 15:42:10,064 - api_server - CRITICAL - [api_server.py:158] - Failed to start application: Failed to initialize unknown: ServerlessSpec.__new__() missing 2 required positional arguments: 'cloud' and 'region'
Traceback (most recent call last):
  File "/Users/shamalshaikh/VScode/RAG_project/api_server.py", line 74, in initialize_components
    storage_manager = create_storage_manager(
                      ^^^^^^^^^^^^^^^^^^^^^^^
  File "/Users/shamalshaikh/VScode/RAG_project/storage_indexing.py", line 365, in create_storage_manager
    return StorageManager(
           ^^^^^^^^^^^^^^^
  File "/Users/shamalshaikh/VScode/RAG_project/storage_indexing.py", line 246, in __init__
    vector_db.initialize(self.model.get_sentence_embedding_dimension())
  File "/Users/shamalshaikh/VScode/RAG_project/storage_indexing.py", line 104, in initialize
    spec=ServerlessSpec()  # Using serverless for better scalability
         ^^^^^^^^^^^^^^^^
TypeError: ServerlessSpec.__new__() missing 2 required positional arguments: 'cloud' and 'region'

During handling of the above exception, another exception occurred:

Traceback (most recent call last):
  File "/Users/shamalshaikh/VScode/RAG_project/api_server.py", line 153, in startup_event
    storage_manager, qa_system, scraper = initialize_components(settings)
                                          ^^^^^^^^^^^^^^^^^^^^^^^^^^^^^^^
  File "/Users/shamalshaikh/VScode/RAG_project/api_server.py", line 105, in initialize_components
    raise RuntimeError(error_msg)
RuntimeError: Failed to initialize unknown: ServerlessSpec.__new__() missing 2 required positional arguments: 'cloud' and 'region'
2025-02-19 15:43:20,588 - api_server - INFO - [api_server.py:151] - Starting application initialization...
2025-02-19 15:43:20,589 - api_server - INFO - [api_server.py:73] - Initializing storage manager with Pinecone...
2025-02-19 15:43:22,412 - api_server - ERROR - [api_server.py:104] - Failed to initialize unknown: Pinecone.create_index() missing 1 required positional argument: 'spec'
Traceback (most recent call last):
  File "/Users/shamalshaikh/VScode/RAG_project/api_server.py", line 74, in initialize_components
    storage_manager = create_storage_manager(
                      ^^^^^^^^^^^^^^^^^^^^^^^
  File "/Users/shamalshaikh/VScode/RAG_project/storage_indexing.py", line 365, in create_storage_manager
    return StorageManager(
           ^^^^^^^^^^^^^^^
  File "/Users/shamalshaikh/VScode/RAG_project/storage_indexing.py", line 246, in __init__
    vector_db.initialize(self.model.get_sentence_embedding_dimension())
  File "/Users/shamalshaikh/VScode/RAG_project/storage_indexing.py", line 100, in initialize
    pc.create_index(
TypeError: Pinecone.create_index() missing 1 required positional argument: 'spec'
2025-02-19 15:43:22,415 - api_server - CRITICAL - [api_server.py:158] - Failed to start application: Failed to initialize unknown: Pinecone.create_index() missing 1 required positional argument: 'spec'
Traceback (most recent call last):
  File "/Users/shamalshaikh/VScode/RAG_project/api_server.py", line 74, in initialize_components
    storage_manager = create_storage_manager(
                      ^^^^^^^^^^^^^^^^^^^^^^^
  File "/Users/shamalshaikh/VScode/RAG_project/storage_indexing.py", line 365, in create_storage_manager
    return StorageManager(
           ^^^^^^^^^^^^^^^
  File "/Users/shamalshaikh/VScode/RAG_project/storage_indexing.py", line 246, in __init__
    vector_db.initialize(self.model.get_sentence_embedding_dimension())
  File "/Users/shamalshaikh/VScode/RAG_project/storage_indexing.py", line 100, in initialize
    pc.create_index(
TypeError: Pinecone.create_index() missing 1 required positional argument: 'spec'

During handling of the above exception, another exception occurred:

Traceback (most recent call last):
  File "/Users/shamalshaikh/VScode/RAG_project/api_server.py", line 153, in startup_event
    storage_manager, qa_system, scraper = initialize_components(settings)
                                          ^^^^^^^^^^^^^^^^^^^^^^^^^^^^^^^
  File "/Users/shamalshaikh/VScode/RAG_project/api_server.py", line 105, in initialize_components
    raise RuntimeError(error_msg)
RuntimeError: Failed to initialize unknown: Pinecone.create_index() missing 1 required positional argument: 'spec'
2025-02-19 15:43:42,324 - api_server - INFO - [api_server.py:151] - Starting application initialization...
2025-02-19 15:43:42,324 - api_server - INFO - [api_server.py:73] - Initializing storage manager with Pinecone...
2025-02-19 15:43:49,867 - api_server - INFO - [api_server.py:81] - Storage manager initialized successfully
2025-02-19 15:43:49,869 - api_server - INFO - [api_server.py:84] - Initializing QA system...
2025-02-19 15:43:49,905 - api_server - INFO - [api_server.py:87] - QA system initialized successfully
2025-02-19 15:43:49,905 - api_server - INFO - [api_server.py:90] - Initializing web scraper...
2025-02-19 15:43:49,912 - api_server - INFO - [api_server.py:93] - Web scraper initialized successfully
2025-02-19 15:43:49,913 - api_server - INFO - [api_server.py:154] - Application initialization completed successfully
2025-02-19 15:44:04,610 - api_server - INFO - [api_server.py:361] - Collecting system statistics
2025-02-19 15:44:04,611 - api_server - INFO - [api_server.py:369] - Statistics collected successfully
2025-02-19 15:44:32,637 - api_server - INFO - [api_server.py:361] - Collecting system statistics
2025-02-19 15:44:32,638 - api_server - INFO - [api_server.py:369] - Statistics collected successfully
2025-02-19 15:44:39,447 - api_server - INFO - [api_server.py:226] - Starting scraping job for URL: https://shamalshaikh.github.io/ShamalBlog/posts/DeepSeek-Innovation/
2025-02-19 15:44:39,447 - api_server - INFO - [api_server.py:238] - Starting immediate scraping job job_20250219_154439
2025-02-19 15:44:39,448 - api_server - INFO - [api_server.py:248] - Created scraping job: {'job_id': 'job_20250219_154439', 'url': HttpUrl('https://shamalshaikh.github.io/ShamalBlog/posts/DeepSeek-Innovation/'), 'status': 'started', 'last_run': datetime.datetime(2025, 2, 19, 15, 44, 39, 448021), 'next_run': None, 'error': None}
2025-02-19 15:44:39,451 - api_server - INFO - [api_server.py:361] - Collecting system statistics
2025-02-19 15:44:39,451 - api_server - INFO - [api_server.py:369] - Statistics collected successfully
2025-02-19 15:45:16,503 - api_server - INFO - [api_server.py:361] - Collecting system statistics
2025-02-19 15:45:16,503 - api_server - INFO - [api_server.py:369] - Statistics collected successfully
2025-02-19 15:45:18,701 - api_server - INFO - [api_server.py:299] - Processing query: describe deepseek
2025-02-19 15:45:19,969 - api_server - INFO - [api_server.py:315] - Query processed successfully. Total tokens: 0
2025-02-19 15:45:19,980 - api_server - INFO - [api_server.py:361] - Collecting system statistics
2025-02-19 15:45:19,981 - api_server - INFO - [api_server.py:369] - Statistics collected successfully
2025-02-19 15:52:13,858 - api_server - INFO - [api_server.py:226] - Starting scraping job for URL: https://shamalshaikh.github.io/ShamalBlog/posts/DeepSeek-Innovation/
2025-02-19 15:52:13,859 - api_server - INFO - [api_server.py:238] - Starting immediate scraping job job_20250219_155213
2025-02-19 15:52:13,859 - api_server - INFO - [api_server.py:248] - Created scraping job: {'job_id': 'job_20250219_155213', 'url': HttpUrl('https://shamalshaikh.github.io/ShamalBlog/posts/DeepSeek-Innovation/'), 'status': 'started', 'last_run': datetime.datetime(2025, 2, 19, 15, 52, 13, 859290), 'next_run': None, 'error': None}
2025-02-19 15:52:13,862 - api_server - INFO - [api_server.py:361] - Collecting system statistics
2025-02-19 15:52:13,862 - api_server - INFO - [api_server.py:369] - Statistics collected successfully
2025-02-19 15:52:45,084 - api_server - INFO - [api_server.py:361] - Collecting system statistics
2025-02-19 15:52:45,085 - api_server - INFO - [api_server.py:369] - Statistics collected successfully
2025-02-19 15:52:47,105 - api_server - INFO - [api_server.py:226] - Starting scraping job for URL: https://shamalshaikh.github.io/ShamalBlog/posts/FastAPI-LLM-Integration/
2025-02-19 15:52:47,105 - api_server - INFO - [api_server.py:238] - Starting immediate scraping job job_20250219_155247
2025-02-19 15:52:47,105 - api_server - INFO - [api_server.py:248] - Created scraping job: {'job_id': 'job_20250219_155247', 'url': HttpUrl('https://shamalshaikh.github.io/ShamalBlog/posts/FastAPI-LLM-Integration/'), 'status': 'started', 'last_run': datetime.datetime(2025, 2, 19, 15, 52, 47, 105659), 'next_run': None, 'error': None}
2025-02-19 15:52:47,107 - api_server - INFO - [api_server.py:361] - Collecting system statistics
2025-02-19 15:52:47,107 - api_server - INFO - [api_server.py:369] - Statistics collected successfully
2025-02-19 15:52:53,925 - api_server - INFO - [api_server.py:361] - Collecting system statistics
2025-02-19 15:52:53,926 - api_server - INFO - [api_server.py:369] - Statistics collected successfully
2025-02-19 15:52:59,888 - api_server - INFO - [api_server.py:361] - Collecting system statistics
2025-02-19 15:52:59,888 - api_server - INFO - [api_server.py:369] - Statistics collected successfully
2025-02-19 15:53:04,794 - api_server - INFO - [api_server.py:226] - Starting scraping job for URL: https://shamalshaikh.github.io/ShamalBlog/posts/FastAPI-LLM-Integration/
2025-02-19 15:53:04,795 - api_server - INFO - [api_server.py:238] - Starting immediate scraping job job_20250219_155304
2025-02-19 15:53:04,795 - api_server - INFO - [api_server.py:248] - Created scraping job: {'job_id': 'job_20250219_155304', 'url': HttpUrl('https://shamalshaikh.github.io/ShamalBlog/posts/FastAPI-LLM-Integration/'), 'status': 'started', 'last_run': datetime.datetime(2025, 2, 19, 15, 53, 4, 795195), 'next_run': None, 'error': None}
2025-02-19 15:53:04,797 - api_server - INFO - [api_server.py:361] - Collecting system statistics
2025-02-19 15:53:04,797 - api_server - INFO - [api_server.py:369] - Statistics collected successfully
2025-02-19 15:53:11,546 - api_server - INFO - [api_server.py:226] - Starting scraping job for URL: https://shamalshaikh.github.io/ShamalBlog/posts/
2025-02-19 15:53:11,546 - api_server - INFO - [api_server.py:238] - Starting immediate scraping job job_20250219_155311
2025-02-19 15:53:11,546 - api_server - INFO - [api_server.py:248] - Created scraping job: {'job_id': 'job_20250219_155311', 'url': HttpUrl('https://shamalshaikh.github.io/ShamalBlog/posts/'), 'status': 'started', 'last_run': datetime.datetime(2025, 2, 19, 15, 53, 11, 546631), 'next_run': None, 'error': None}
2025-02-19 15:53:11,552 - api_server - INFO - [api_server.py:361] - Collecting system statistics
2025-02-19 15:53:11,552 - api_server - INFO - [api_server.py:369] - Statistics collected successfully
2025-02-19 15:54:19,205 - api_server - INFO - [api_server.py:361] - Collecting system statistics
2025-02-19 15:54:19,206 - api_server - INFO - [api_server.py:369] - Statistics collected successfully
2025-02-19 15:54:24,889 - api_server - INFO - [api_server.py:299] - Processing query: describe
2025-02-19 15:54:25,614 - api_server - INFO - [api_server.py:315] - Query processed successfully. Total tokens: 0
2025-02-19 15:54:25,626 - api_server - INFO - [api_server.py:361] - Collecting system statistics
2025-02-19 15:54:25,626 - api_server - INFO - [api_server.py:369] - Statistics collected successfully
2025-02-19 15:54:28,176 - api_server - INFO - [api_server.py:299] - Processing query: describe
2025-02-19 15:54:28,300 - api_server - INFO - [api_server.py:315] - Query processed successfully. Total tokens: 0
2025-02-19 15:54:28,305 - api_server - INFO - [api_server.py:361] - Collecting system statistics
2025-02-19 15:54:28,305 - api_server - INFO - [api_server.py:369] - Statistics collected successfully
2025-02-19 16:09:56,813 - api_server - INFO - [api_server.py:226] - Starting scraping job for URL: https://shamalshaikh.github.io/ShamalBlog/posts/
2025-02-19 16:09:56,814 - api_server - INFO - [api_server.py:238] - Starting immediate scraping job job_20250219_160956
2025-02-19 16:09:56,814 - api_server - INFO - [api_server.py:248] - Created scraping job: {'job_id': 'job_20250219_160956', 'url': HttpUrl('https://shamalshaikh.github.io/ShamalBlog/posts/'), 'status': 'started', 'last_run': datetime.datetime(2025, 2, 19, 16, 9, 56, 814396), 'next_run': None, 'error': None}
2025-02-19 16:09:56,818 - api_server - INFO - [api_server.py:361] - Collecting system statistics
2025-02-19 16:09:56,818 - api_server - INFO - [api_server.py:369] - Statistics collected successfully
2025-02-19 16:13:24,292 - api_server - INFO - [api_server.py:299] - Processing query: describe
2025-02-19 16:13:25,137 - api_server - INFO - [api_server.py:315] - Query processed successfully. Total tokens: 0
2025-02-19 16:13:25,145 - api_server - INFO - [api_server.py:361] - Collecting system statistics
2025-02-19 16:13:25,145 - api_server - INFO - [api_server.py:369] - Statistics collected successfully
2025-02-19 16:13:37,696 - api_server - INFO - [api_server.py:226] - Starting scraping job for URL: https://shamalshaikh.github.io/ShamalBlog/posts/
2025-02-19 16:13:37,696 - api_server - INFO - [api_server.py:238] - Starting immediate scraping job job_20250219_161337
2025-02-19 16:13:37,696 - api_server - INFO - [api_server.py:248] - Created scraping job: {'job_id': 'job_20250219_161337', 'url': HttpUrl('https://shamalshaikh.github.io/ShamalBlog/posts/'), 'status': 'started', 'last_run': datetime.datetime(2025, 2, 19, 16, 13, 37, 696751), 'next_run': None, 'error': None}
2025-02-19 16:13:37,698 - api_server - INFO - [api_server.py:361] - Collecting system statistics
2025-02-19 16:13:37,698 - api_server - INFO - [api_server.py:369] - Statistics collected successfully
2025-02-19 16:17:11,279 - api_server - INFO - [api_server.py:164] - Shutting down application...
2025-02-19 16:17:13,841 - api_server - INFO - [api_server.py:151] - Starting application initialization...
2025-02-19 16:17:13,841 - api_server - INFO - [api_server.py:73] - Initializing storage manager with Pinecone...
2025-02-19 16:17:15,937 - api_server - INFO - [api_server.py:81] - Storage manager initialized successfully
2025-02-19 16:17:15,937 - api_server - INFO - [api_server.py:84] - Initializing QA system...
2025-02-19 16:17:15,973 - api_server - INFO - [api_server.py:87] - QA system initialized successfully
2025-02-19 16:17:15,973 - api_server - INFO - [api_server.py:90] - Initializing web scraper...
2025-02-19 16:17:15,980 - api_server - INFO - [api_server.py:93] - Web scraper initialized successfully
2025-02-19 16:17:15,980 - api_server - INFO - [api_server.py:154] - Application initialization completed successfully
2025-02-19 16:17:32,567 - api_server - INFO - [api_server.py:164] - Shutting down application...
2025-02-19 16:17:34,754 - api_server - INFO - [api_server.py:155] - Starting application initialization...
2025-02-19 16:17:34,754 - api_server - INFO - [api_server.py:75] - Initializing storage manager with Pinecone...
2025-02-19 16:17:36,410 - api_server - INFO - [api_server.py:85] - Storage manager initialized successfully
2025-02-19 16:17:36,410 - api_server - INFO - [api_server.py:88] - Initializing QA system...
2025-02-19 16:17:36,447 - api_server - INFO - [api_server.py:91] - QA system initialized successfully
2025-02-19 16:17:36,447 - api_server - INFO - [api_server.py:94] - Initializing web scraper...
2025-02-19 16:17:36,450 - api_server - INFO - [api_server.py:97] - Web scraper initialized successfully
2025-02-19 16:17:36,450 - api_server - INFO - [api_server.py:158] - Application initialization completed successfully
2025-02-19 16:17:47,275 - api_server - INFO - [api_server.py:168] - Shutting down application...
2025-02-19 16:17:49,563 - api_server - INFO - [api_server.py:155] - Starting application initialization...
2025-02-19 16:17:49,563 - api_server - INFO - [api_server.py:75] - Initializing storage manager with Pinecone...
2025-02-19 16:17:51,169 - api_server - INFO - [api_server.py:85] - Storage manager initialized successfully
2025-02-19 16:17:51,169 - api_server - INFO - [api_server.py:88] - Initializing QA system...
2025-02-19 16:17:51,205 - api_server - INFO - [api_server.py:91] - QA system initialized successfully
2025-02-19 16:17:51,205 - api_server - INFO - [api_server.py:94] - Initializing web scraper...
2025-02-19 16:17:51,208 - api_server - INFO - [api_server.py:97] - Web scraper initialized successfully
2025-02-19 16:17:51,208 - api_server - INFO - [api_server.py:158] - Application initialization completed successfully
2025-02-19 16:19:15,909 - api_server - INFO - [api_server.py:168] - Shutting down application...
2025-02-19 16:19:18,597 - api_server - INFO - [api_server.py:155] - Starting application initialization...
2025-02-19 16:19:18,597 - api_server - INFO - [api_server.py:75] - Initializing storage manager with Pinecone...
2025-02-19 16:19:20,513 - api_server - INFO - [api_server.py:85] - Storage manager initialized successfully
2025-02-19 16:19:20,513 - api_server - INFO - [api_server.py:88] - Initializing QA system...
2025-02-19 16:19:20,550 - api_server - INFO - [api_server.py:91] - QA system initialized successfully
2025-02-19 16:19:20,550 - api_server - INFO - [api_server.py:94] - Initializing web scraper...
2025-02-19 16:19:20,558 - api_server - INFO - [api_server.py:97] - Web scraper initialized successfully
2025-02-19 16:19:20,558 - api_server - INFO - [api_server.py:158] - Application initialization completed successfully
2025-02-19 16:20:12,618 - api_server - INFO - [api_server.py:168] - Shutting down application...
2025-02-19 16:21:26,225 - api_server - INFO - [api_server.py:155] - Starting application initialization...
2025-02-19 16:21:26,225 - api_server - INFO - [api_server.py:75] - Initializing storage manager with Pinecone...
2025-02-19 16:21:28,509 - api_server - INFO - [api_server.py:85] - Storage manager initialized successfully
2025-02-19 16:21:28,509 - api_server - INFO - [api_server.py:88] - Initializing QA system...
2025-02-19 16:21:28,526 - api_server - INFO - [api_server.py:91] - QA system initialized successfully
2025-02-19 16:21:28,526 - api_server - INFO - [api_server.py:94] - Initializing web scraper...
2025-02-19 16:21:28,527 - api_server - INFO - [api_server.py:97] - Web scraper initialized successfully
2025-02-19 16:21:28,527 - api_server - INFO - [api_server.py:158] - Application initialization completed successfully
2025-02-19 16:21:30,586 - api_server - INFO - [api_server.py:365] - Collecting system statistics
2025-02-19 16:21:30,586 - api_server - INFO - [api_server.py:373] - Statistics collected successfully
2025-02-19 16:21:40,260 - api_server - INFO - [api_server.py:365] - Collecting system statistics
2025-02-19 16:21:40,261 - api_server - INFO - [api_server.py:373] - Statistics collected successfully
2025-02-19 16:21:45,612 - api_server - INFO - [api_server.py:365] - Collecting system statistics
2025-02-19 16:21:45,613 - api_server - INFO - [api_server.py:373] - Statistics collected successfully
2025-02-19 16:21:51,007 - api_server - INFO - [api_server.py:230] - Starting scraping job for URL: https://shamalshaikh.github.io/ShamalBlog/posts/FastAPI-LLM-Integration/
2025-02-19 16:21:51,007 - api_server - INFO - [api_server.py:242] - Starting immediate scraping job job_20250219_162151
2025-02-19 16:21:51,008 - api_server - INFO - [api_server.py:252] - Created scraping job: {'job_id': 'job_20250219_162151', 'url': HttpUrl('https://shamalshaikh.github.io/ShamalBlog/posts/FastAPI-LLM-Integration/'), 'status': 'started', 'last_run': datetime.datetime(2025, 2, 19, 16, 21, 51, 7769), 'next_run': None, 'error': None}
2025-02-19 16:21:51,012 - api_server - INFO - [api_server.py:365] - Collecting system statistics
2025-02-19 16:21:51,012 - api_server - INFO - [api_server.py:373] - Statistics collected successfully
2025-02-19 16:22:03,485 - api_server - INFO - [api_server.py:365] - Collecting system statistics
2025-02-19 16:22:03,486 - api_server - INFO - [api_server.py:373] - Statistics collected successfully
2025-02-19 16:22:06,120 - api_server - INFO - [api_server.py:303] - Processing query: describe FAST API
2025-02-19 16:22:07,252 - api_server - INFO - [api_server.py:319] - Query processed successfully. Total tokens: 0
2025-02-19 16:22:07,263 - api_server - INFO - [api_server.py:365] - Collecting system statistics
2025-02-19 16:22:07,263 - api_server - INFO - [api_server.py:373] - Statistics collected successfully
2025-02-19 16:22:11,712 - api_server - INFO - [api_server.py:230] - Starting scraping job for URL: https://shamalshaikh.github.io/ShamalBlog/posts/FastAPI-LLM-Integration/
2025-02-19 16:22:11,712 - api_server - INFO - [api_server.py:242] - Starting immediate scraping job job_20250219_162211
2025-02-19 16:22:11,712 - api_server - INFO - [api_server.py:252] - Created scraping job: {'job_id': 'job_20250219_162211', 'url': HttpUrl('https://shamalshaikh.github.io/ShamalBlog/posts/FastAPI-LLM-Integration/'), 'status': 'started', 'last_run': datetime.datetime(2025, 2, 19, 16, 22, 11, 712753), 'next_run': None, 'error': None}
2025-02-19 16:22:11,715 - api_server - INFO - [api_server.py:365] - Collecting system statistics
2025-02-19 16:22:11,715 - api_server - INFO - [api_server.py:373] - Statistics collected successfully
2025-02-19 16:22:15,173 - api_server - INFO - [api_server.py:303] - Processing query: describe FAST API
2025-02-19 16:22:15,283 - api_server - INFO - [api_server.py:319] - Query processed successfully. Total tokens: 0
2025-02-19 16:22:15,288 - api_server - INFO - [api_server.py:365] - Collecting system statistics
2025-02-19 16:22:15,288 - api_server - INFO - [api_server.py:373] - Statistics collected successfully
2025-02-19 16:26:00,867 - api_server - INFO - [api_server.py:168] - Shutting down application...
2025-02-19 16:26:03,491 - api_server - INFO - [api_server.py:155] - Starting application initialization...
2025-02-19 16:26:03,492 - api_server - INFO - [api_server.py:75] - Initializing storage manager with Pinecone...
2025-02-19 16:26:05,695 - api_server - INFO - [api_server.py:85] - Storage manager initialized successfully
2025-02-19 16:26:05,695 - api_server - INFO - [api_server.py:88] - Initializing QA system...
2025-02-19 16:26:05,732 - api_server - INFO - [api_server.py:91] - QA system initialized successfully
2025-02-19 16:26:05,732 - api_server - INFO - [api_server.py:94] - Initializing web scraper...
2025-02-19 16:26:05,738 - api_server - INFO - [api_server.py:97] - Web scraper initialized successfully
2025-02-19 16:26:05,738 - api_server - INFO - [api_server.py:158] - Application initialization completed successfully
2025-02-19 16:26:49,861 - api_server - INFO - [api_server.py:168] - Shutting down application...
2025-02-19 16:26:52,057 - api_server - INFO - [api_server.py:155] - Starting application initialization...
2025-02-19 16:26:52,057 - api_server - INFO - [api_server.py:75] - Initializing storage manager with Pinecone...
2025-02-19 16:26:53,880 - api_server - INFO - [api_server.py:85] - Storage manager initialized successfully
2025-02-19 16:26:53,880 - api_server - INFO - [api_server.py:88] - Initializing QA system...
2025-02-19 16:26:53,905 - api_server - INFO - [api_server.py:91] - QA system initialized successfully
2025-02-19 16:26:53,905 - api_server - INFO - [api_server.py:94] - Initializing web scraper...
2025-02-19 16:26:53,909 - api_server - INFO - [api_server.py:97] - Web scraper initialized successfully
2025-02-19 16:26:53,910 - api_server - INFO - [api_server.py:158] - Application initialization completed successfully
2025-02-19 16:28:24,394 - api_server - INFO - [api_server.py:168] - Shutting down application...
2025-02-19 16:28:26,934 - api_server - INFO - [api_server.py:155] - Starting application initialization...
2025-02-19 16:28:26,934 - api_server - INFO - [api_server.py:75] - Initializing storage manager with Pinecone...
2025-02-19 16:28:28,839 - api_server - INFO - [api_server.py:85] - Storage manager initialized successfully
2025-02-19 16:28:28,840 - api_server - INFO - [api_server.py:88] - Initializing QA system...
2025-02-19 16:28:28,873 - api_server - INFO - [api_server.py:91] - QA system initialized successfully
2025-02-19 16:28:28,873 - api_server - INFO - [api_server.py:94] - Initializing web scraper...
2025-02-19 16:28:28,876 - api_server - INFO - [api_server.py:97] - Web scraper initialized successfully
2025-02-19 16:28:28,876 - api_server - INFO - [api_server.py:158] - Application initialization completed successfully
2025-02-19 16:28:54,610 - api_server - INFO - [api_server.py:168] - Shutting down application...
2025-02-19 16:35:36,906 - api_server - INFO - [api_server.py:155] - Starting application initialization...
2025-02-19 16:35:36,906 - api_server - INFO - [api_server.py:75] - Initializing storage manager with Pinecone...
2025-02-19 16:35:39,217 - api_server - INFO - [api_server.py:85] - Storage manager initialized successfully
2025-02-19 16:35:39,218 - api_server - INFO - [api_server.py:88] - Initializing QA system...
2025-02-19 16:35:39,255 - api_server - INFO - [api_server.py:91] - QA system initialized successfully
2025-02-19 16:35:39,255 - api_server - INFO - [api_server.py:94] - Initializing web scraper...
2025-02-19 16:35:39,261 - api_server - INFO - [api_server.py:97] - Web scraper initialized successfully
2025-02-19 16:35:39,261 - api_server - INFO - [api_server.py:158] - Application initialization completed successfully
2025-02-19 16:35:44,376 - api_server - INFO - [api_server.py:230] - Starting scraping job for URL: https://shamalshaikh.github.io/ShamalBlog/posts/FastAPI-LLM-Integration/
2025-02-19 16:35:44,377 - api_server - INFO - [api_server.py:242] - Starting immediate scraping job job_20250219_163544
2025-02-19 16:35:44,378 - api_server - INFO - [api_server.py:252] - Created scraping job: {'job_id': 'job_20250219_163544', 'url': HttpUrl('https://shamalshaikh.github.io/ShamalBlog/posts/FastAPI-LLM-Integration/'), 'status': 'started', 'last_run': datetime.datetime(2025, 2, 19, 16, 35, 44, 377256), 'next_run': None, 'error': None}
2025-02-19 16:35:44,380 - api_server - INFO - [api_server.py:365] - Collecting system statistics
2025-02-19 16:35:44,380 - api_server - INFO - [api_server.py:373] - Statistics collected successfully
2025-02-19 16:41:51,184 - api_server - INFO - [api_server.py:168] - Shutting down application...
2025-02-19 21:00:25,062 - api_server - INFO - [api_server.py:172] - Starting application initialization...
2025-02-19 21:00:25,062 - api_server - INFO - [api_server.py:178] - Initializing storage manager with Pinecone...
2025-02-19 21:00:27,435 - api_server - INFO - [api_server.py:187] - Storage manager initialized successfully
2025-02-19 21:00:27,435 - api_server - INFO - [api_server.py:190] - Initializing QA system...
2025-02-19 21:00:27,470 - api_server - INFO - [api_server.py:192] - QA system initialized successfully
2025-02-19 21:00:27,470 - api_server - INFO - [api_server.py:195] - Initializing web scraper...
2025-02-19 21:00:27,477 - api_server - INFO - [api_server.py:197] - Web scraper initialized successfully
2025-02-19 21:00:27,477 - api_server - INFO - [api_server.py:200] - Initializing HTML-to-Markdown converter...
2025-02-19 21:00:27,497 - api_server - INFO - [api_server.py:202] - HTML-to-Markdown converter initialized successfully
2025-02-19 21:00:27,497 - api_server - INFO - [api_server.py:204] - Application initialization completed successfully
2025-02-19 21:02:43,004 - api_server - INFO - [api_server.py:214] - Shutting down application...
2025-02-19 21:02:45,500 - api_server - INFO - [api_server.py:175] - Starting application initialization...
2025-02-19 21:02:45,500 - api_server - INFO - [api_server.py:181] - Initializing storage manager with Pinecone...
2025-02-19 21:02:47,279 - api_server - INFO - [api_server.py:190] - Storage manager initialized successfully
2025-02-19 21:02:47,279 - api_server - INFO - [api_server.py:193] - Initializing QA system...
2025-02-19 21:02:47,308 - api_server - INFO - [api_server.py:195] - QA system initialized successfully
2025-02-19 21:02:47,308 - api_server - INFO - [api_server.py:198] - Initializing web scraper...
2025-02-19 21:02:47,314 - api_server - INFO - [api_server.py:200] - Web scraper initialized successfully
2025-02-19 21:02:47,314 - api_server - INFO - [api_server.py:203] - Initializing HTML-to-Markdown converter...
2025-02-19 21:02:47,335 - api_server - INFO - [api_server.py:205] - HTML-to-Markdown converter initialized successfully
2025-02-19 21:02:47,335 - api_server - INFO - [api_server.py:207] - Application initialization completed successfully
2025-02-19 21:02:59,108 - api_server - INFO - [api_server.py:217] - Shutting down application...
2025-02-19 21:03:01,295 - api_server - INFO - [api_server.py:178] - Starting application initialization...
2025-02-19 21:03:01,295 - api_server - INFO - [api_server.py:184] - Initializing storage manager with Pinecone...
2025-02-19 21:03:03,297 - api_server - INFO - [api_server.py:193] - Storage manager initialized successfully
2025-02-19 21:03:03,297 - api_server - INFO - [api_server.py:196] - Initializing QA system...
2025-02-19 21:03:03,332 - api_server - INFO - [api_server.py:198] - QA system initialized successfully
2025-02-19 21:03:03,333 - api_server - INFO - [api_server.py:201] - Initializing web scraper...
2025-02-19 21:03:03,333 - api_server - CRITICAL - [api_server.py:217] - Failed to start application: create_default_scraper() got an unexpected keyword argument 'timeout'
Traceback (most recent call last):
  File "/Users/shamalshaikh/VScode/RAG_project/api_server.py", line 202, in startup_event
    scraper = create_default_scraper(
              ^^^^^^^^^^^^^^^^^^^^^^^
TypeError: create_default_scraper() got an unexpected keyword argument 'timeout'
2025-02-19 21:03:24,348 - api_server - INFO - [api_server.py:178] - Starting application initialization...
2025-02-19 21:03:24,348 - api_server - INFO - [api_server.py:184] - Initializing storage manager with Pinecone...
2025-02-19 21:03:26,302 - api_server - INFO - [api_server.py:193] - Storage manager initialized successfully
2025-02-19 21:03:26,302 - api_server - INFO - [api_server.py:196] - Initializing QA system...
2025-02-19 21:03:26,338 - api_server - INFO - [api_server.py:198] - QA system initialized successfully
2025-02-19 21:03:26,338 - api_server - INFO - [api_server.py:201] - Initializing web scraper...
2025-02-19 21:03:26,339 - api_server - CRITICAL - [api_server.py:217] - Failed to start application: create_default_scraper() got an unexpected keyword argument 'timeout'
Traceback (most recent call last):
  File "/Users/shamalshaikh/VScode/RAG_project/api_server.py", line 202, in startup_event
    scraper = create_default_scraper(
              ^^^^^^^^^^^^^^^^^^^^^^^
TypeError: create_default_scraper() got an unexpected keyword argument 'timeout'
2025-02-19 21:03:39,404 - api_server - INFO - [api_server.py:178] - Starting application initialization...
2025-02-19 21:03:39,404 - api_server - INFO - [api_server.py:184] - Initializing storage manager with Pinecone...
2025-02-19 21:03:41,335 - api_server - INFO - [api_server.py:193] - Storage manager initialized successfully
2025-02-19 21:03:41,335 - api_server - INFO - [api_server.py:196] - Initializing QA system...
2025-02-19 21:03:41,375 - api_server - INFO - [api_server.py:198] - QA system initialized successfully
2025-02-19 21:03:41,375 - api_server - INFO - [api_server.py:201] - Initializing web scraper...
2025-02-19 21:03:41,375 - api_server - CRITICAL - [api_server.py:217] - Failed to start application: create_default_scraper() got an unexpected keyword argument 'timeout'
Traceback (most recent call last):
  File "/Users/shamalshaikh/VScode/RAG_project/api_server.py", line 202, in startup_event
    scraper = create_default_scraper(
              ^^^^^^^^^^^^^^^^^^^^^^^
TypeError: create_default_scraper() got an unexpected keyword argument 'timeout'
2025-02-19 21:04:24,769 - api_server - INFO - [api_server.py:178] - Starting application initialization...
2025-02-19 21:04:24,769 - api_server - INFO - [api_server.py:184] - Initializing storage manager with Pinecone...
2025-02-19 21:04:27,118 - api_server - INFO - [api_server.py:193] - Storage manager initialized successfully
2025-02-19 21:04:27,118 - api_server - INFO - [api_server.py:196] - Initializing QA system...
2025-02-19 21:04:27,155 - api_server - INFO - [api_server.py:198] - QA system initialized successfully
2025-02-19 21:04:27,155 - api_server - INFO - [api_server.py:201] - Initializing web scraper...
2025-02-19 21:04:27,155 - api_server - CRITICAL - [api_server.py:217] - Failed to start application: create_default_scraper() got an unexpected keyword argument 'timeout'
Traceback (most recent call last):
  File "/Users/shamalshaikh/VScode/RAG_project/api_server.py", line 202, in startup_event
    scraper = create_default_scraper(
              ^^^^^^^^^^^^^^^^^^^^^^^
TypeError: create_default_scraper() got an unexpected keyword argument 'timeout'
2025-02-19 21:05:07,129 - api_server - INFO - [api_server.py:211] - Starting application initialization...
2025-02-19 21:05:07,129 - api_server - INFO - [api_server.py:217] - Initializing storage manager with Pinecone...
2025-02-19 21:05:09,464 - api_server - INFO - [api_server.py:226] - Storage manager initialized successfully
2025-02-19 21:05:09,464 - api_server - INFO - [api_server.py:229] - Initializing QA system...
2025-02-19 21:05:09,502 - api_server - INFO - [api_server.py:231] - QA system initialized successfully
2025-02-19 21:05:09,502 - api_server - INFO - [api_server.py:234] - Initializing web scraper...
2025-02-19 21:05:09,509 - api_server - INFO - [api_server.py:236] - Web scraper initialized successfully
2025-02-19 21:05:09,509 - api_server - INFO - [api_server.py:239] - Initializing HTML-to-Markdown converter...
2025-02-19 21:05:09,532 - api_server - INFO - [api_server.py:241] - HTML-to-Markdown converter initialized successfully
2025-02-19 21:05:09,532 - api_server - INFO - [api_server.py:243] - Application initialization completed successfully
2025-02-19 21:05:26,435 - api_server - INFO - [api_server.py:253] - Shutting down application...
2025-02-19 21:05:28,813 - api_server - INFO - [api_server.py:212] - Starting application initialization...
2025-02-19 21:05:28,813 - api_server - INFO - [api_server.py:218] - Initializing storage manager with Pinecone...
2025-02-19 21:05:32,222 - api_server - INFO - [api_server.py:227] - Storage manager initialized successfully
2025-02-19 21:05:32,222 - api_server - INFO - [api_server.py:230] - Initializing QA system...
2025-02-19 21:05:32,251 - api_server - INFO - [api_server.py:232] - QA system initialized successfully
2025-02-19 21:05:32,251 - api_server - INFO - [api_server.py:235] - Initializing web scraper...
2025-02-19 21:05:32,253 - api_server - INFO - [api_server.py:237] - Web scraper initialized successfully
2025-02-19 21:05:32,253 - api_server - INFO - [api_server.py:240] - Initializing HTML-to-Markdown converter...
2025-02-19 21:05:32,273 - api_server - INFO - [api_server.py:242] - HTML-to-Markdown converter initialized successfully
2025-02-19 21:05:32,273 - api_server - INFO - [api_server.py:244] - Application initialization completed successfully
2025-02-19 21:05:53,452 - api_server - INFO - [api_server.py:254] - Shutting down application...
2025-02-19 21:05:55,766 - api_server - INFO - [api_server.py:212] - Starting application initialization...
2025-02-19 21:05:55,766 - api_server - INFO - [api_server.py:218] - Initializing storage manager with Pinecone...
2025-02-19 21:05:57,842 - api_server - INFO - [api_server.py:227] - Storage manager initialized successfully
2025-02-19 21:05:57,843 - api_server - INFO - [api_server.py:230] - Initializing QA system...
2025-02-19 21:05:57,865 - api_server - INFO - [api_server.py:232] - QA system initialized successfully
2025-02-19 21:05:57,865 - api_server - INFO - [api_server.py:235] - Initializing web scraper...
2025-02-19 21:05:57,871 - api_server - INFO - [api_server.py:237] - Web scraper initialized successfully
2025-02-19 21:05:57,871 - api_server - INFO - [api_server.py:240] - Initializing HTML-to-Markdown converter...
2025-02-19 21:05:57,889 - api_server - INFO - [api_server.py:242] - HTML-to-Markdown converter initialized successfully
2025-02-19 21:05:57,889 - api_server - INFO - [api_server.py:244] - Application initialization completed successfully
2025-02-19 21:06:01,328 - api_server - INFO - [api_server.py:254] - Shutting down application...
2025-02-19 21:06:03,745 - api_server - INFO - [api_server.py:212] - Starting application initialization...
2025-02-19 21:06:03,745 - api_server - INFO - [api_server.py:218] - Initializing storage manager with Pinecone...
2025-02-19 21:06:05,429 - api_server - INFO - [api_server.py:227] - Storage manager initialized successfully
2025-02-19 21:06:05,429 - api_server - INFO - [api_server.py:230] - Initializing QA system...
2025-02-19 21:06:05,461 - api_server - INFO - [api_server.py:232] - QA system initialized successfully
2025-02-19 21:06:05,461 - api_server - INFO - [api_server.py:235] - Initializing web scraper...
2025-02-19 21:06:05,464 - api_server - INFO - [api_server.py:237] - Web scraper initialized successfully
2025-02-19 21:06:05,464 - api_server - INFO - [api_server.py:240] - Initializing HTML-to-Markdown converter...
2025-02-19 21:06:05,484 - api_server - INFO - [api_server.py:242] - HTML-to-Markdown converter initialized successfully
2025-02-19 21:06:05,484 - api_server - INFO - [api_server.py:244] - Application initialization completed successfully
2025-02-19 21:06:33,831 - api_server - INFO - [api_server.py:254] - Shutting down application...
2025-02-19 21:06:45,619 - api_server - INFO - [api_server.py:212] - Starting application initialization...
2025-02-19 21:06:45,620 - api_server - INFO - [api_server.py:218] - Initializing storage manager with Pinecone...
2025-02-19 21:06:48,488 - api_server - INFO - [api_server.py:227] - Storage manager initialized successfully
2025-02-19 21:06:48,488 - api_server - INFO - [api_server.py:230] - Initializing QA system...
2025-02-19 21:06:48,522 - api_server - INFO - [api_server.py:232] - QA system initialized successfully
2025-02-19 21:06:48,522 - api_server - INFO - [api_server.py:235] - Initializing web scraper...
2025-02-19 21:06:48,527 - api_server - INFO - [api_server.py:237] - Web scraper initialized successfully
2025-02-19 21:06:48,527 - api_server - INFO - [api_server.py:240] - Initializing HTML-to-Markdown converter...
2025-02-19 21:06:48,548 - api_server - INFO - [api_server.py:242] - HTML-to-Markdown converter initialized successfully
2025-02-19 21:06:48,548 - api_server - INFO - [api_server.py:244] - Application initialization completed successfully
2025-02-19 21:09:37,688 - api_server - INFO - [api_server.py:254] - Shutting down application...
2025-02-19 21:09:40,231 - api_server - INFO - [api_server.py:260] - Starting application initialization...
2025-02-19 21:09:40,231 - api_server - INFO - [api_server.py:266] - Initializing storage manager with Pinecone...
2025-02-19 21:09:43,734 - api_server - INFO - [api_server.py:275] - Storage manager initialized successfully
2025-02-19 21:09:43,734 - api_server - INFO - [api_server.py:278] - Initializing QA system...
2025-02-19 21:09:43,762 - api_server - INFO - [api_server.py:280] - QA system initialized successfully
2025-02-19 21:09:43,763 - api_server - INFO - [api_server.py:283] - Initializing web scraper...
2025-02-19 21:09:43,769 - api_server - INFO - [api_server.py:285] - Web scraper initialized successfully
2025-02-19 21:09:43,769 - api_server - INFO - [api_server.py:288] - Initializing HTML-to-Markdown converter...
2025-02-19 21:09:43,788 - api_server - INFO - [api_server.py:290] - HTML-to-Markdown converter initialized successfully
2025-02-19 21:09:43,788 - api_server - INFO - [api_server.py:292] - Application initialization completed successfully
2025-02-19 21:09:58,075 - api_server - INFO - [api_server.py:302] - Shutting down application...
2025-02-19 21:10:00,272 - api_server - INFO - [api_server.py:260] - Starting application initialization...
2025-02-19 21:10:00,273 - api_server - INFO - [api_server.py:266] - Initializing storage manager with Pinecone...
2025-02-19 21:10:02,176 - api_server - INFO - [api_server.py:275] - Storage manager initialized successfully
2025-02-19 21:10:02,176 - api_server - INFO - [api_server.py:278] - Initializing QA system...
2025-02-19 21:10:02,213 - api_server - INFO - [api_server.py:280] - QA system initialized successfully
2025-02-19 21:10:02,213 - api_server - INFO - [api_server.py:283] - Initializing web scraper...
2025-02-19 21:10:02,216 - api_server - INFO - [api_server.py:285] - Web scraper initialized successfully
2025-02-19 21:10:02,216 - api_server - INFO - [api_server.py:288] - Initializing HTML-to-Markdown converter...
2025-02-19 21:10:02,237 - api_server - INFO - [api_server.py:290] - HTML-to-Markdown converter initialized successfully
2025-02-19 21:10:02,237 - api_server - INFO - [api_server.py:292] - Application initialization completed successfully
2025-02-19 21:10:14,218 - api_server - INFO - [api_server.py:302] - Shutting down application...
2025-02-19 21:10:16,521 - api_server - INFO - [api_server.py:260] - Starting application initialization...
2025-02-19 21:10:16,521 - api_server - INFO - [api_server.py:266] - Initializing storage manager with Pinecone...
2025-02-19 21:10:18,411 - api_server - INFO - [api_server.py:275] - Storage manager initialized successfully
2025-02-19 21:10:18,412 - api_server - INFO - [api_server.py:278] - Initializing QA system...
2025-02-19 21:10:18,444 - api_server - INFO - [api_server.py:280] - QA system initialized successfully
2025-02-19 21:10:18,444 - api_server - INFO - [api_server.py:283] - Initializing web scraper...
2025-02-19 21:10:18,447 - api_server - INFO - [api_server.py:285] - Web scraper initialized successfully
2025-02-19 21:10:18,447 - api_server - INFO - [api_server.py:288] - Initializing HTML-to-Markdown converter...
2025-02-19 21:10:18,468 - api_server - INFO - [api_server.py:290] - HTML-to-Markdown converter initialized successfully
2025-02-19 21:10:18,468 - api_server - INFO - [api_server.py:292] - Application initialization completed successfully
2025-02-19 21:10:23,017 - api_server - INFO - [api_server.py:302] - Shutting down application...
2025-02-19 21:10:25,586 - api_server - INFO - [api_server.py:260] - Starting application initialization...
2025-02-19 21:10:25,586 - api_server - INFO - [api_server.py:266] - Initializing storage manager with Pinecone...
2025-02-19 21:10:27,317 - api_server - INFO - [api_server.py:275] - Storage manager initialized successfully
2025-02-19 21:10:27,317 - api_server - INFO - [api_server.py:278] - Initializing QA system...
2025-02-19 21:10:27,340 - api_server - INFO - [api_server.py:280] - QA system initialized successfully
2025-02-19 21:10:27,340 - api_server - INFO - [api_server.py:283] - Initializing web scraper...
2025-02-19 21:10:27,343 - api_server - INFO - [api_server.py:285] - Web scraper initialized successfully
2025-02-19 21:10:27,344 - api_server - INFO - [api_server.py:288] - Initializing HTML-to-Markdown converter...
2025-02-19 21:10:27,362 - api_server - INFO - [api_server.py:290] - HTML-to-Markdown converter initialized successfully
2025-02-19 21:10:27,362 - api_server - INFO - [api_server.py:292] - Application initialization completed successfully
2025-02-19 21:10:34,602 - api_server - INFO - [api_server.py:260] - Starting application initialization...
2025-02-19 21:10:34,602 - api_server - INFO - [api_server.py:266] - Initializing storage manager with Pinecone...
2025-02-19 21:10:36,192 - api_server - INFO - [api_server.py:275] - Storage manager initialized successfully
2025-02-19 21:10:36,192 - api_server - INFO - [api_server.py:278] - Initializing QA system...
2025-02-19 21:10:36,215 - api_server - INFO - [api_server.py:280] - QA system initialized successfully
2025-02-19 21:10:36,215 - api_server - INFO - [api_server.py:283] - Initializing web scraper...
2025-02-19 21:10:36,217 - api_server - INFO - [api_server.py:285] - Web scraper initialized successfully
2025-02-19 21:10:36,217 - api_server - INFO - [api_server.py:288] - Initializing HTML-to-Markdown converter...
2025-02-19 21:10:36,235 - api_server - INFO - [api_server.py:290] - HTML-to-Markdown converter initialized successfully
2025-02-19 21:10:36,235 - api_server - INFO - [api_server.py:292] - Application initialization completed successfully
2025-02-19 21:12:11,398 - api_server - INFO - [api_server.py:302] - Shutting down application...
2025-02-19 21:12:14,016 - api_server - INFO - [api_server.py:260] - Starting application initialization...
2025-02-19 21:12:14,016 - api_server - INFO - [api_server.py:266] - Initializing storage manager with Pinecone...
2025-02-19 21:12:15,990 - api_server - INFO - [api_server.py:275] - Storage manager initialized successfully
2025-02-19 21:12:15,990 - api_server - INFO - [api_server.py:278] - Initializing QA system...
2025-02-19 21:12:16,022 - api_server - INFO - [api_server.py:280] - QA system initialized successfully
2025-02-19 21:12:16,022 - api_server - INFO - [api_server.py:283] - Initializing web scraper...
2025-02-19 21:12:16,028 - api_server - INFO - [api_server.py:285] - Web scraper initialized successfully
2025-02-19 21:12:16,028 - api_server - INFO - [api_server.py:288] - Initializing HTML-to-Markdown converter...
2025-02-19 21:12:16,051 - api_server - INFO - [api_server.py:290] - HTML-to-Markdown converter initialized successfully
2025-02-19 21:12:16,051 - api_server - INFO - [api_server.py:292] - Application initialization completed successfully
2025-02-19 21:12:16,052 - api_server - INFO - [api_server.py:302] - Shutting down application...
2025-02-19 21:19:32,565 - api_server - INFO - [api_server.py:155] - Starting application initialization...
2025-02-19 21:19:32,565 - api_server - INFO - [api_server.py:75] - Initializing storage manager with Pinecone...
2025-02-19 21:19:35,001 - api_server - INFO - [api_server.py:85] - Storage manager initialized successfully
2025-02-19 21:19:35,001 - api_server - INFO - [api_server.py:88] - Initializing QA system...
2025-02-19 21:19:35,037 - api_server - INFO - [api_server.py:91] - QA system initialized successfully
2025-02-19 21:19:35,037 - api_server - INFO - [api_server.py:94] - Initializing web scraper...
2025-02-19 21:19:35,041 - api_server - INFO - [api_server.py:97] - Web scraper initialized successfully
2025-02-19 21:19:35,041 - api_server - INFO - [api_server.py:158] - Application initialization completed successfully
2025-02-19 21:21:55,522 - api_server - INFO - [api_server.py:168] - Shutting down application...
2025-02-19 21:21:57,968 - api_server - INFO - [api_server.py:155] - Starting application initialization...
2025-02-19 21:21:57,968 - api_server - INFO - [api_server.py:75] - Initializing storage manager with Pinecone...
2025-02-19 21:22:00,260 - api_server - INFO - [api_server.py:85] - Storage manager initialized successfully
2025-02-19 21:22:00,260 - api_server - INFO - [api_server.py:88] - Initializing QA system...
2025-02-19 21:22:00,298 - api_server - INFO - [api_server.py:91] - QA system initialized successfully
2025-02-19 21:22:00,298 - api_server - INFO - [api_server.py:94] - Initializing web scraper...
2025-02-19 21:22:00,301 - api_server - INFO - [api_server.py:97] - Web scraper initialized successfully
2025-02-19 21:22:00,301 - api_server - INFO - [api_server.py:158] - Application initialization completed successfully
2025-02-19 21:22:35,377 - api_server - INFO - [api_server.py:168] - Shutting down application...
2025-02-19 21:22:37,609 - api_server - INFO - [api_server.py:155] - Starting application initialization...
2025-02-19 21:22:37,609 - api_server - INFO - [api_server.py:75] - Initializing storage manager with Pinecone...
2025-02-19 21:22:39,477 - api_server - INFO - [api_server.py:85] - Storage manager initialized successfully
2025-02-19 21:22:39,477 - api_server - INFO - [api_server.py:88] - Initializing QA system...
2025-02-19 21:22:39,508 - api_server - INFO - [api_server.py:91] - QA system initialized successfully
2025-02-19 21:22:39,508 - api_server - INFO - [api_server.py:94] - Initializing web scraper...
2025-02-19 21:22:39,511 - api_server - INFO - [api_server.py:97] - Web scraper initialized successfully
2025-02-19 21:22:39,511 - api_server - INFO - [api_server.py:158] - Application initialization completed successfully
2025-02-19 21:22:42,038 - api_server - INFO - [api_server.py:168] - Shutting down application...
2025-02-19 21:22:44,079 - api_server - INFO - [api_server.py:155] - Starting application initialization...
2025-02-19 21:22:44,079 - api_server - INFO - [api_server.py:75] - Initializing storage manager with Pinecone...
2025-02-19 21:22:45,685 - api_server - INFO - [api_server.py:85] - Storage manager initialized successfully
2025-02-19 21:22:45,685 - api_server - INFO - [api_server.py:88] - Initializing QA system...
2025-02-19 21:22:45,710 - api_server - INFO - [api_server.py:91] - QA system initialized successfully
2025-02-19 21:22:45,710 - api_server - INFO - [api_server.py:94] - Initializing web scraper...
2025-02-19 21:22:45,713 - api_server - INFO - [api_server.py:97] - Web scraper initialized successfully
2025-02-19 21:22:45,713 - api_server - INFO - [api_server.py:158] - Application initialization completed successfully
2025-02-19 21:23:20,928 - api_server - INFO - [api_server.py:168] - Shutting down application...
2025-02-19 21:23:27,114 - api_server - INFO - [api_server.py:155] - Starting application initialization...
2025-02-19 21:23:27,114 - api_server - INFO - [api_server.py:75] - Initializing storage manager with Pinecone...
2025-02-19 21:23:28,951 - api_server - INFO - [api_server.py:85] - Storage manager initialized successfully
2025-02-19 21:23:28,951 - api_server - INFO - [api_server.py:88] - Initializing QA system...
2025-02-19 21:23:28,975 - api_server - INFO - [api_server.py:91] - QA system initialized successfully
2025-02-19 21:23:28,975 - api_server - INFO - [api_server.py:94] - Initializing web scraper...
2025-02-19 21:23:28,989 - api_server - INFO - [api_server.py:97] - Web scraper initialized successfully
2025-02-19 21:23:28,989 - api_server - INFO - [api_server.py:158] - Application initialization completed successfully
2025-02-19 21:26:04,048 - api_server - INFO - [api_server.py:168] - Shutting down application...
2025-02-19 21:26:06,863 - api_server - INFO - [api_server.py:155] - Starting application initialization...
2025-02-19 21:26:06,863 - api_server - INFO - [api_server.py:75] - Initializing storage manager with Pinecone...
2025-02-19 21:26:08,866 - api_server - INFO - [api_server.py:85] - Storage manager initialized successfully
2025-02-19 21:26:08,866 - api_server - INFO - [api_server.py:88] - Initializing QA system...
2025-02-19 21:26:08,889 - api_server - INFO - [api_server.py:91] - QA system initialized successfully
2025-02-19 21:26:08,889 - api_server - INFO - [api_server.py:94] - Initializing web scraper...
2025-02-19 21:26:08,894 - api_server - INFO - [api_server.py:97] - Web scraper initialized successfully
2025-02-19 21:26:08,894 - api_server - INFO - [api_server.py:158] - Application initialization completed successfully
2025-02-19 21:26:26,217 - api_server - INFO - [api_server.py:168] - Shutting down application...
2025-02-19 21:26:28,737 - api_server - INFO - [api_server.py:155] - Starting application initialization...
2025-02-19 21:26:28,737 - api_server - INFO - [api_server.py:75] - Initializing storage manager with Pinecone...
2025-02-19 21:26:30,679 - api_server - INFO - [api_server.py:85] - Storage manager initialized successfully
2025-02-19 21:26:30,679 - api_server - INFO - [api_server.py:88] - Initializing QA system...
2025-02-19 21:26:30,705 - api_server - INFO - [api_server.py:91] - QA system initialized successfully
2025-02-19 21:26:30,705 - api_server - INFO - [api_server.py:94] - Initializing web scraper...
2025-02-19 21:26:30,710 - api_server - INFO - [api_server.py:97] - Web scraper initialized successfully
2025-02-19 21:26:30,710 - api_server - INFO - [api_server.py:158] - Application initialization completed successfully
2025-02-19 21:26:34,278 - api_server - INFO - [api_server.py:168] - Shutting down application...
2025-02-19 21:26:36,421 - api_server - INFO - [api_server.py:155] - Starting application initialization...
2025-02-19 21:26:36,421 - api_server - INFO - [api_server.py:75] - Initializing storage manager with Pinecone...
2025-02-19 21:26:37,904 - api_server - INFO - [api_server.py:85] - Storage manager initialized successfully
2025-02-19 21:26:37,904 - api_server - INFO - [api_server.py:88] - Initializing QA system...
2025-02-19 21:26:37,924 - api_server - INFO - [api_server.py:91] - QA system initialized successfully
2025-02-19 21:26:37,924 - api_server - INFO - [api_server.py:94] - Initializing web scraper...
2025-02-19 21:26:37,926 - api_server - INFO - [api_server.py:97] - Web scraper initialized successfully
2025-02-19 21:26:37,926 - api_server - INFO - [api_server.py:158] - Application initialization completed successfully
2025-02-19 21:27:15,341 - api_server - INFO - [api_server.py:365] - Collecting system statistics
2025-02-19 21:27:15,341 - api_server - INFO - [api_server.py:373] - Statistics collected successfully
2025-02-19 21:27:53,902 - api_server - INFO - [api_server.py:168] - Shutting down application...
2025-02-19 21:27:56,184 - api_server - INFO - [api_server.py:148] - Starting application initialization...
2025-02-19 21:27:56,184 - api_server - INFO - [api_server.py:76] - Initializing storage manager with Pinecone...
2025-02-19 21:27:58,285 - api_server - INFO - [api_server.py:86] - Storage manager initialized successfully
2025-02-19 21:27:58,286 - api_server - INFO - [api_server.py:89] - Initializing QA system...
2025-02-19 21:27:58,318 - api_server - INFO - [api_server.py:92] - QA system initialized successfully
2025-02-19 21:27:58,318 - api_server - INFO - [api_server.py:95] - Initializing web scraper...
2025-02-19 21:27:58,322 - api_server - INFO - [api_server.py:98] - Web scraper initialized successfully
2025-02-19 21:27:58,322 - api_server - INFO - [api_server.py:151] - Application initialization completed successfully
2025-02-19 21:28:49,880 - api_server - INFO - [api_server.py:159] - Shutting down application...
2025-02-19 21:29:06,704 - api_server - INFO - [api_server.py:148] - Starting application initialization...
2025-02-19 21:29:06,704 - api_server - INFO - [api_server.py:76] - Initializing storage manager with Pinecone...
2025-02-19 21:29:08,736 - api_server - INFO - [api_server.py:86] - Storage manager initialized successfully
2025-02-19 21:29:08,736 - api_server - INFO - [api_server.py:89] - Initializing QA system...
2025-02-19 21:29:08,775 - api_server - INFO - [api_server.py:92] - QA system initialized successfully
2025-02-19 21:29:08,775 - api_server - INFO - [api_server.py:95] - Initializing web scraper...
2025-02-19 21:29:08,781 - api_server - INFO - [api_server.py:98] - Web scraper initialized successfully
2025-02-19 21:29:08,781 - api_server - INFO - [api_server.py:151] - Application initialization completed successfully
2025-02-19 21:29:18,438 - api_server - INFO - [api_server.py:364] - Collecting system statistics
2025-02-19 21:29:18,438 - api_server - INFO - [api_server.py:372] - Statistics collected successfully
2025-02-19 21:29:24,849 - api_server - INFO - [api_server.py:229] - Starting scraping job for URL: https://shamalshaikh.github.io/ShamalBlog/posts/DeepSeek-Innovation/
2025-02-19 21:29:24,849 - api_server - INFO - [api_server.py:241] - Starting immediate scraping job job_20250219_212924
2025-02-19 21:29:24,850 - api_server - INFO - [api_server.py:251] - Created scraping job: {'job_id': 'job_20250219_212924', 'url': HttpUrl('https://shamalshaikh.github.io/ShamalBlog/posts/DeepSeek-Innovation/'), 'status': 'started', 'last_run': datetime.datetime(2025, 2, 19, 21, 29, 24, 849569), 'next_run': None, 'error': None}
2025-02-19 21:29:24,852 - api_server - INFO - [api_server.py:364] - Collecting system statistics
2025-02-19 21:29:24,852 - api_server - INFO - [api_server.py:372] - Statistics collected successfully
2025-02-19 21:29:35,939 - api_server - INFO - [api_server.py:364] - Collecting system statistics
2025-02-19 21:29:35,940 - api_server - INFO - [api_server.py:372] - Statistics collected successfully
2025-02-19 21:30:49,217 - api_server - INFO - [api_server.py:302] - Processing query: describe deepseek
2025-02-19 21:30:50,564 - api_server - INFO - [api_server.py:318] - Query processed successfully. Total tokens: 0
2025-02-19 21:30:50,577 - api_server - INFO - [api_server.py:364] - Collecting system statistics
2025-02-19 21:30:50,577 - api_server - INFO - [api_server.py:372] - Statistics collected successfully
2025-02-19 21:31:27,075 - api_server - INFO - [api_server.py:229] - Starting scraping job for URL: https://shamalshaikh.github.io/ShamalBlog/posts/DeepSeek-Innovation/
2025-02-19 21:31:27,075 - api_server - INFO - [api_server.py:241] - Starting immediate scraping job job_20250219_213127
2025-02-19 21:31:27,076 - api_server - INFO - [api_server.py:251] - Created scraping job: {'job_id': 'job_20250219_213127', 'url': HttpUrl('https://shamalshaikh.github.io/ShamalBlog/posts/DeepSeek-Innovation/'), 'status': 'started', 'last_run': datetime.datetime(2025, 2, 19, 21, 31, 27, 75870), 'next_run': None, 'error': None}
2025-02-19 21:31:27,079 - api_server - INFO - [api_server.py:364] - Collecting system statistics
2025-02-19 21:31:27,079 - api_server - INFO - [api_server.py:372] - Statistics collected successfully
2025-02-19 21:32:11,099 - api_server - INFO - [api_server.py:159] - Shutting down application...
2025-02-19 21:32:13,459 - api_server - INFO - [api_server.py:148] - Starting application initialization...
2025-02-19 21:32:13,459 - api_server - INFO - [api_server.py:76] - Initializing storage manager with Pinecone...
2025-02-19 21:32:15,316 - api_server - INFO - [api_server.py:86] - Storage manager initialized successfully
2025-02-19 21:32:15,316 - api_server - INFO - [api_server.py:89] - Initializing QA system...
2025-02-19 21:32:15,345 - api_server - INFO - [api_server.py:92] - QA system initialized successfully
2025-02-19 21:32:15,345 - api_server - INFO - [api_server.py:95] - Initializing web scraper...
2025-02-19 21:32:15,348 - api_server - INFO - [api_server.py:98] - Web scraper initialized successfully
2025-02-19 21:32:15,348 - api_server - INFO - [api_server.py:151] - Application initialization completed successfully
2025-02-19 21:32:41,436 - api_server - INFO - [api_server.py:302] - Processing query: describe deepseek
2025-02-19 21:32:42,316 - api_server - INFO - [api_server.py:318] - Query processed successfully. Total tokens: 0
2025-02-19 21:32:42,324 - api_server - INFO - [api_server.py:364] - Collecting system statistics
2025-02-19 21:32:42,325 - api_server - INFO - [api_server.py:372] - Statistics collected successfully
2025-02-19 21:32:50,811 - api_server - INFO - [api_server.py:159] - Shutting down application...
2025-02-19 21:37:39,870 - api_server - INFO - [api_server.py:155] - Starting application initialization...
2025-02-19 21:37:39,870 - api_server - INFO - [api_server.py:77] - Initializing storage manager with Pinecone...
2025-02-19 21:37:42,935 - api_server - INFO - [api_server.py:87] - Storage manager initialized successfully
2025-02-19 21:37:42,935 - api_server - INFO - [api_server.py:90] - Initializing QA system...
2025-02-19 21:37:42,957 - api_server - INFO - [api_server.py:93] - QA system initialized successfully
2025-02-19 21:37:42,957 - api_server - INFO - [api_server.py:96] - Initializing web scraper...
2025-02-19 21:37:42,964 - api_server - INFO - [api_server.py:99] - Web scraper initialized successfully
2025-02-19 21:37:42,964 - api_server - INFO - [api_server.py:102] - Initializing HTML to Markdown converter...
2025-02-19 21:37:42,985 - api_server - INFO - [api_server.py:105] - HTML to Markdown converter initialized successfully
2025-02-19 21:37:42,985 - api_server - INFO - [api_server.py:158] - Application initialization completed successfully
2025-02-19 21:37:43,338 - api_server - INFO - [api_server.py:437] - Collecting system statistics
2025-02-19 21:37:43,339 - api_server - INFO - [api_server.py:445] - Statistics collected successfully
2025-02-19 21:37:54,551 - api_server - INFO - [api_server.py:296] - Starting scraping job for URL: https://shamalshaikh.github.io/ShamalBlog/posts/DeepSeek-Innovation/
2025-02-19 21:37:54,552 - api_server - INFO - [api_server.py:235] - Scraping content from URL: https://shamalshaikh.github.io/ShamalBlog/posts/DeepSeek-Innovation/
2025-02-19 21:37:54,818 - api_server - INFO - [api_server.py:241] - Converting HTML to Markdown
2025-02-19 21:38:23,340 - api_server - INFO - [api_server.py:256] - Storing document in vector database
2025-02-19 21:38:24,510 - api_server - INFO - [api_server.py:262] - Successfully stored document with ID: doc_20250219_213823
2025-02-19 21:38:24,512 - api_server - INFO - [api_server.py:324] - Created scraping job: {'job_id': 'job_20250219_213754', 'url': HttpUrl('https://shamalshaikh.github.io/ShamalBlog/posts/DeepSeek-Innovation/'), 'status': 'completed', 'last_run': datetime.datetime(2025, 2, 19, 21, 38, 24, 510358), 'next_run': None, 'error': None}, Document ID: doc_20250219_213823
2025-02-19 21:38:24,515 - api_server - INFO - [api_server.py:296] - Starting scraping job for URL: https://shamalshaikh.github.io/ShamalBlog/posts/DeepSeek-Innovation/
2025-02-19 21:38:24,515 - api_server - INFO - [api_server.py:235] - Scraping content from URL: https://shamalshaikh.github.io/ShamalBlog/posts/DeepSeek-Innovation/
2025-02-19 21:38:24,552 - api_server - INFO - [api_server.py:241] - Converting HTML to Markdown
2025-02-19 21:38:32,265 - api_server - INFO - [api_server.py:256] - Storing document in vector database
2025-02-19 21:38:33,118 - api_server - INFO - [api_server.py:262] - Successfully stored document with ID: doc_20250219_213832
2025-02-19 21:38:33,119 - api_server - INFO - [api_server.py:324] - Created scraping job: {'job_id': 'job_20250219_213824', 'url': HttpUrl('https://shamalshaikh.github.io/ShamalBlog/posts/DeepSeek-Innovation/'), 'status': 'completed', 'last_run': datetime.datetime(2025, 2, 19, 21, 38, 33, 118829), 'next_run': None, 'error': None}, Document ID: doc_20250219_213832
2025-02-19 21:38:33,122 - api_server - INFO - [api_server.py:437] - Collecting system statistics
2025-02-19 21:38:33,122 - api_server - INFO - [api_server.py:445] - Statistics collected successfully
2025-02-19 21:39:16,653 - api_server - INFO - [api_server.py:437] - Collecting system statistics
2025-02-19 21:39:16,653 - api_server - INFO - [api_server.py:445] - Statistics collected successfully
2025-02-19 21:39:35,620 - api_server - INFO - [api_server.py:375] - Processing query: describe something about user profile
2025-02-19 21:40:06,668 - api_server - INFO - [api_server.py:391] - Query processed successfully. Total tokens: 2649
2025-02-19 21:40:06,692 - api_server - INFO - [api_server.py:437] - Collecting system statistics
2025-02-19 21:40:06,692 - api_server - INFO - [api_server.py:445] - Statistics collected successfully
